Green fireball went across the sky and turned orange, then disappeared. It was too large to be a comet, about the size of 5+ airplanes.;2020-02-07 21:50:00;3 seconds;Green fireball went across the sky and turned orange, then disappeared.  It was too large to be a comet, about the size of 5+ airplanes.;39.7598265306123;-105.220002040816
